[    0.000000] Initializing cgroup subsys cpuset
[    0.000000] Initializing cgroup subsys cpu
[    0.000000] Initializing cgroup subsys cpuacct
[    0.000000] Linux version 4.4.0-103-generic (buildd@lcy01-amd64-001) (gcc version 5.4.0 20160609 (Ubuntu 5.4.0-6ubuntu1~16.04.5) ) #126-Ubuntu SMP Mon Dec 4 16:23:28 UTC 2017 (Ubuntu 4.4.0-103.126-generic 4.4.98)
[    0.000000] Command line: BOOT_IMAGE=/boot/vmlinuz-4.4.0-103-generic root=LABEL=cloudimg-rootfs ro console=tty1 console=ttyS0
[    0.000000] KERNEL supported cpus:
[    0.000000]   Intel GenuineIntel
[    0.000000]   AMD AuthenticAMD
[    0.000000]   Centaur CentaurHauls
[    0.000000] x86/fpu: xstate_offset[2]:  576, xstate_sizes[2]:  256
[    0.000000] x86/fpu: Supporting XSAVE feature 0x01: 'x87 floating point registers'
[    0.000000] x86/fpu: Supporting XSAVE feature 0x02: 'SSE registers'
[    0.000000] x86/fpu: Supporting XSAVE feature 0x04: 'AVX registers'
[    0.000000] x86/fpu: Enabled xstate features 0x7, context size is 832 bytes, using 'standard' format.
[    0.000000] x86/fpu: Using 'lazy' FPU context switches.
[    0.000000] e820: BIOS-provided physical RAM map:
[    0.000000] BIOS-e820: [mem 0x0000000000000000-0x000000000009fbff] usable
[    0.000000] BIOS-e820: [mem 0x000000000009fc00-0x000000000009ffff] reserved
[    0.000000] BIOS-e820: [mem 0x00000000000f0000-0x00000000000fffff] reserved
[    0.000000] BIOS-e820: [mem 0x0000000000100000-0x000000003ffeffff] usable
[    0.000000] BIOS-e820: [mem 0x000000003fff0000-0x000000003fffffff] ACPI data
[    0.000000] BIOS-e820: [mem 0x00000000fec00000-0x00000000fec00fff] reserved
[    0.000000] BIOS-e820: [mem 0x00000000fee00000-0x00000000fee00fff] reserved
[    0.000000] BIOS-e820: [mem 0x00000000fffc0000-0x00000000ffffffff] reserved
[    0.000000] NX (Execute Disable) protection: active
[    0.000000] SMBIOS 2.5 present.
[    0.000000] Hypervisor detected: KVM
[    0.000000] e820: last_pfn = 0x3fff0 max_arch_pfn = 0x400000000
[    0.000000] MTRR: Disabled
[    0.000000] x86/PAT: MTRRs disabled, skipping PAT initialization too.
[    0.000000] CPU MTRRs all blank - virtualized system.
[    0.000000] x86/PAT: Configuration [0-7]: WB  WT  UC- UC  WB  WT  UC- UC  
[    0.000000] found SMP MP-table at [mem 0x0009fff0-0x0009ffff] mapped at [ffff88000009fff0]
[    0.000000] Scanning 1 areas for low memory corruption
[    0.000000] RAMDISK: [mem 0x36ade000-0x37566fff]
[    0.000000] ACPI: Early table checksum verification disabled
[    0.000000] ACPI: RSDP 0x00000000000E0000 000024 (v02 VBOX  )
[    0.000000] ACPI: XSDT 0x000000003FFF0030 00003C (v01 VBOX   VBOXXSDT 00000001 ASL  00000061)
[    0.000000] ACPI: FACP 0x000000003FFF00F0 0000F4 (v04 VBOX   VBOXFACP 00000001 ASL  00000061)
[    0.000000] ACPI: DSDT 0x000000003FFF0470 0021FF (v02 VBOX   VBOXBIOS 00000002 INTL 20100528)
[    0.000000] ACPI: FACS 0x000000003FFF0200 000040
[    0.000000] ACPI: FACS 0x000000003FFF0200 000040
[    0.000000] ACPI: APIC 0x000000003FFF0240 00005C (v02 VBOX   VBOXAPIC 00000001 ASL  00000061)
[    0.000000] ACPI: SSDT 0x000000003FFF02A0 0001CC (v01 VBOX   VBOXCPUT 00000002 INTL 20100528)
[    0.000000] No NUMA configuration found
[    0.000000] Faking a node at [mem 0x0000000000000000-0x000000003ffeffff]
[    0.000000] NODE_DATA(0) allocated [mem 0x3ffeb000-0x3ffeffff]
[    0.000000] kvm-clock: Using msrs 4b564d01 and 4b564d00
[    0.000000] kvm-clock: cpu 0, msr 0:3ffe3001, primary cpu clock
[    0.000000] kvm-clock: using sched offset of 3126377837 cycles
[    0.000000] clocksource: kvm-clock: mask: 0xffffffffffffffff max_cycles: 0x1cd42e4dffb, max_idle_ns: 881590591483 ns
[    0.000000] Zone ranges:
[    0.000000]   DMA      [mem 0x0000000000001000-0x0000000000ffffff]
[    0.000000]   DMA32    [mem 0x0000000001000000-0x000000003ffeffff]
[    0.000000]   Normal   empty
[    0.000000]   Device   empty
[    0.000000] Movable zone start for each node
[    0.000000] Early memory node ranges
[    0.000000]   node   0: [mem 0x0000000000001000-0x000000000009efff]
[    0.000000]   node   0: [mem 0x0000000000100000-0x000000003ffeffff]
[    0.000000] Initmem setup node 0 [mem 0x0000000000001000-0x000000003ffeffff]
[    0.000000] ACPI: PM-Timer IO Port: 0x4008
[    0.000000] IOAPIC[0]: apic_id 2, version 32, address 0xfec00000, GSI 0-23
[    0.000000] ACPI: INT_SRC_OVR (bus 0 bus_irq 0 global_irq 2 dfl dfl)
[    0.000000] ACPI: INT_SRC_OVR (bus 0 bus_irq 9 global_irq 9 high level)
[    0.000000] Using ACPI (MADT) for SMP configuration information
[    0.000000] smpboot: Allowing 2 CPUs, 0 hotplug CPUs
[    0.000000] PM: Registered nosave memory: [mem 0x00000000-0x00000fff]
[    0.000000] PM: Registered nosave memory: [mem 0x0009f000-0x0009ffff]
[    0.000000] PM: Registered nosave memory: [mem 0x000a0000-0x000effff]
[    0.000000] PM: Registered nosave memory: [mem 0x000f0000-0x000fffff]
[    0.000000] e820: [mem 0x40000000-0xfebfffff] available for PCI devices
[    0.000000] Booting paravirtualized kernel on KVM
[    0.000000] clocksource: refined-jiffies: mask: 0xffffffff max_cycles: 0xffffffff, max_idle_ns: 7645519600211568 ns
[    0.000000] setup_percpu: NR_CPUS:512 nr_cpumask_bits:512 nr_cpu_ids:2 nr_node_ids:1
[    0.000000] PERCPU: Embedded 33 pages/cpu @ffff88003fc00000 s98200 r8192 d28776 u1048576
[    0.000000] PV qspinlock hash table entries: 256 (order: 0, 4096 bytes)
[    0.000000] Built 1 zonelists in Node order, mobility grouping on.  Total pages: 257913
[    0.000000] Policy zone: DMA32
[    0.000000] Kernel command line: BOOT_IMAGE=/boot/vmlinuz-4.4.0-103-generic root=LABEL=cloudimg-rootfs ro console=tty1 console=ttyS0
[    0.000000] PID hash table entries: 4096 (order: 3, 32768 bytes)
[    0.000000] Memory: 1001784K/1048120K available (8485K kernel code, 1295K rwdata, 3988K rodata, 1492K init, 1316K bss, 46336K reserved, 0K cma-reserved)
[    0.000000] SLUB: HWalign=64, Order=0-3, MinObjects=0, CPUs=2, Nodes=1
[    0.000000] Hierarchical RCU implementation.
[    0.000000] 	Build-time adjustment of leaf fanout to 64.
[    0.000000] 	RCU restricting CPUs from NR_CPUS=512 to nr_cpu_ids=2.
[    0.000000] RCU: Adjusting geometry for rcu_fanout_leaf=64, nr_cpu_ids=2
[    0.000000] NR_IRQS:33024 nr_irqs:440 16
[    0.000000] Console: colour VGA+ 80x25
[    0.000000] console [tty1] enabled
[    0.000000] console [ttyS0] enabled
[    0.000000] tsc: Detected 3392.300 MHz processor
[    5.466173] Calibrating delay loop (skipped) preset value.. 6784.60 BogoMIPS (lpj=13569200)
[    5.626008] pid_max: default: 32768 minimum: 301
[    5.626781] ACPI: Core revision 20150930
[    5.628241] ACPI: 2 ACPI AML tables successfully acquired and loaded
[    5.660281] Security Framework initialized
[    5.781187] Yama: becoming mindful.
[    5.781848] AppArmor: AppArmor initialized
[    5.782602] Dentry cache hash table entries: 131072 (order: 8, 1048576 bytes)
[    5.783898] Inode-cache hash table entries: 65536 (order: 7, 524288 bytes)
[    5.785169] Mount-cache hash table entries: 2048 (order: 2, 16384 bytes)
[    5.786215] Mountpoint-cache hash table entries: 2048 (order: 2, 16384 bytes)
[    5.787386] Initializing cgroup subsys io
[    5.788083] Initializing cgroup subsys memory
[    5.788851] Initializing cgroup subsys devices
[    5.795334] Initializing cgroup subsys freezer
[    5.796061] Initializing cgroup subsys net_cls
[    5.796788] Initializing cgroup subsys perf_event
[    5.797582] Initializing cgroup subsys net_prio
[    5.798342] Initializing cgroup subsys hugetlb
[    5.799065] Initializing cgroup subsys pids
[    5.800109] CPU: Physical Processor ID: 0
[    5.915648] CPU: Processor Core ID: 0
[    6.022987] mce: CPU supports 0 MCE banks
[    6.143691] Last level iTLB entries: 4KB 512, 2MB 8, 4MB 8
[    6.206595] Last level dTLB entries: 4KB 512, 2MB 32, 4MB 32, 1GB 0
[    6.209295] Freeing SMP alternatives memory: 32K
[    6.217562] ftrace: allocating 32158 entries in 126 pages
[    6.415117] smpboot: APIC(0) Converting physical 0 to logical package 0
[    6.417394] smpboot: Max logical packages: 1
[    6.418374] x2apic enabled
[    6.425949] Switched APIC routing to physical x2apic.
[    6.427738] ..TIMER: vector=0x30 apic1=0 pin1=2 apic2=-1 pin2=-1
[    6.533466] smpboot: CPU0: Intel(R) Core(TM) i7-3770 CPU @ 3.40GHz (family: 0x6, model: 0x3a, stepping: 0x9)
[    6.807725] Performance Events: unsupported p6 CPU model 58 no PMU driver, software events only.
[    6.809269] KVM setup paravirtual spinlock
[    6.810522] x86: Booting SMP configuration:
[    6.811223] .... node  #0, CPUs:      #1
[    6.812023] kvm-clock: cpu 1, msr 0:3ffe3041, secondary cpu clock
[    6.818976] mce: CPU supports 0 MCE banks
[    6.821380] x86: Booted up 1 node, 2 CPUs
[    6.822228] smpboot: Total of 2 processors activated (13569.20 BogoMIPS)
[    6.842530] devtmpfs: initialized
[    6.848783] evm: security.selinux
[    6.849443] evm: security.SMACK64
[    6.850073] evm: security.SMACK64EXEC
[    6.850742] evm: security.SMACK64TRANSMUTE
[    6.851427] evm: security.SMACK64MMAP
[    6.852068] evm: security.ima
[    6.852625] evm: security.capability
[    6.853426] clocksource: jiffies: mask: 0xffffffff max_cycles: 0xffffffff, max_idle_ns: 7645041785100000 ns
[    6.856333] futex hash table entries: 512 (order: 3, 32768 bytes)
[    6.857376] pinctrl core: initialized pinctrl subsystem
[    6.870760] RTC time:  1:05:53, date: 12/15/17
[    6.871829] NET: Registered protocol family 16
[    6.883011] cpuidle: using governor ladder
[    6.895517] cpuidle: using governor menu
[    7.011776] PCCT header not found.
[    7.012433] ACPI: bus type PCI registered
[    7.013140] acpiphp: ACPI Hot Plug PCI Controller Driver version: 0.5
[    7.039371] PCI: Using configuration type 1 for base access
[    7.051962] ACPI: Added _OSI(Module Device)
[    7.064094] ACPI: Added _OSI(Processor Device)
[    7.076763] ACPI: Added _OSI(3.0 _SCP Extensions)
[    7.208333] ACPI: Added _OSI(Processor Aggregator Device)
[    7.209769] ACPI: Executed 1 blocks of module-level executable AML code
[    7.212405] ACPI: Interpreter enabled
[    7.213040] ACPI: (supports S0 S5)
[    7.213627] ACPI: Using IOAPIC for interrupt routing
[    7.215924] PCI: Using host bridge windows from ACPI; if necessary, use "pci=nocrs" and report a bug
[    7.392434] ACPI: PCI Root Bridge [PCI0] (domain 0000 [bus 00-ff])
[    7.400870] acpi PNP0A03:00: _OSC: OS supports [ASPM ClockPM Segments MSI]
[    7.444524] acpi PNP0A03:00: _OSC: not requesting OS control; OS requires [ExtendedConfig ASPM ClockPM MSI]
[    7.448515] acpi PNP0A03:00: fail to add MMCONFIG information, can't access extended PCI configuration space under this bridge.
[    7.450512] PCI host bridge to bus 0000:00
[    7.451212] pci_bus 0000:00: root bus resource [io  0x0000-0x0cf7 window]
[    7.456372] pci_bus 0000:00: root bus resource [io  0x0d00-0xffff window]
[    7.457375] pci_bus 0000:00: root bus resource [mem 0x000a0000-0x000bffff window]
[    7.682090] pci_bus 0000:00: root bus resource [mem 0x40000000-0xffdfffff window]
[    7.907652] pci_bus 0000:00: root bus resource [bus 00-ff]
[    8.067444] pci 0000:00:01.1: legacy IDE quirk: reg 0x10: [io  0x01f0-0x01f7]
[    8.227546] pci 0000:00:01.1: legacy IDE quirk: reg 0x14: [io  0x03f6]
[    8.228526] pci 0000:00:01.1: legacy IDE quirk: reg 0x18: [io  0x0170-0x0177]
[    8.248016] pci 0000:00:01.1: legacy IDE quirk: reg 0x1c: [io  0x0376]
[    8.259425] pci 0000:00:07.0: quirk: [io  0x4000-0x403f] claimed by PIIX4 ACPI
[    8.272813] pci 0000:00:07.0: quirk: [io  0x4100-0x410f] claimed by PIIX4 SMB
[    8.277321] ACPI: PCI Interrupt Link [LNKA] (IRQs 5 9 10 *11)
[    8.288297] ACPI: PCI Interrupt Link [LNKB] (IRQs 5 9 10 *11)
[    8.292356] ACPI: PCI Interrupt Link [LNKC] (IRQs 5 9 *10 11)
[    8.293668] ACPI: PCI Interrupt Link [LNKD] (IRQs 5 *9 10 11)
[    8.313105] ACPI: Enabled 2 GPEs in block 00 to 07
[    8.455073] vgaarb: setting as boot device: PCI:0000:00:02.0
[    8.473989] vgaarb: device added: PCI:0000:00:02.0,decodes=io+mem,owns=io+mem,locks=none
[    8.507503] vgaarb: loaded
[    8.508058] vgaarb: bridge control possible 0000:00:02.0
[    8.509091] SCSI subsystem initialized
[    8.509901] ACPI: bus type USB registered
[    8.510612] usbcore: registered new interface driver usbfs
[    8.511469] usbcore: registered new interface driver hub
[    8.512327] usbcore: registered new device driver usb
[    8.513360] PCI: Using ACPI for IRQ routing
[    8.514328] NetLabel: Initializing
[    8.514942] NetLabel:  domain hash size = 128
[    8.519144] NetLabel:  protocols = UNLABELED CIPSOv4
[    8.519962] NetLabel:  unlabeled traffic allowed by default
[    8.520998] amd_nb: Cannot enumerate AMD northbridges
[    8.523332] clocksource: Switched to clocksource kvm-clock
[    8.529060] AppArmor: AppArmor Filesystem Enabled
[    8.543904] pnp: PnP ACPI init
[    8.545167] pnp: PnP ACPI: found 3 devices
[    8.554125] clocksource: acpi_pm: mask: 0xffffff max_cycles: 0xffffff, max_idle_ns: 2085701024 ns
[    8.832810] NET: Registered protocol family 2
[    8.963251] TCP established hash table entries: 8192 (order: 4, 65536 bytes)
[    8.964347] TCP bind hash table entries: 8192 (order: 5, 131072 bytes)
[    9.047155] TCP: Hash tables configured (established 8192 bind 8192)
[    9.250625] UDP hash table entries: 512 (order: 2, 16384 bytes)
[    9.330920] UDP-Lite hash table entries: 512 (order: 2, 16384 bytes)
[    9.331931] NET: Registered protocol family 1
[    9.332658] pci 0000:00:00.0: Limiting direct PCI/PCI transfers
[    9.333594] pci 0000:00:01.0: Activating ISA DMA hang workarounds
[    9.480972] Unpacking initramfs...
[   10.923076] Freeing initrd memory: 10788K
[   11.032922] RAPL PMU detected, API unit is 2^-32 Joules, 3 fixed counters 10737418240 ms ovfl timer
[   11.328206] hw unit of domain pp0-core 2^-0 Joules
[   11.340290] hw unit of domain package 2^-0 Joules
[   11.341322] hw unit of domain pp1-gpu 2^-0 Joules
[   11.342154] platform rtc_cmos: registered platform RTC device (no PNP device found)
[   11.343462] Scanning for low memory corruption every 60 seconds
[   11.344750] audit: initializing netlink subsys (disabled)
[   11.345611] audit: type=2000 audit(1513299953.656:1): initialized
[   11.346746] Initialise system trusted keyring
[   11.347630] HugeTLB registered 2 MB page size, pre-allocated 0 pages
[   11.349639] zbud: loaded
[   11.350356] VFS: Disk quotas dquot_6.6.0
[   11.351069] VFS: Dquot-cache hash table entries: 512 (order 0, 4096 bytes)
[   11.371624] squashfs: version 4.0 (2009/01/31) Phillip Lougher
[   11.532262] fuse init (API version 7.23)
[   11.587724] Key type big_key registered
[   11.588406] Allocating IMA MOK and blacklist keyrings.
[   11.590216] Key type asymmetric registered
[   11.592199] Asymmetric key parser 'x509' registered
[   11.594583] Block layer SCSI generic (bsg) driver version 0.4 loaded (major 249)
[   11.595904] io scheduler noop registered
[   11.608063] io scheduler deadline registered (default)
[   11.613749] io scheduler cfq registered
[   11.614489] pci_hotplug: PCI Hot Plug PCI Core version: 0.5
[   11.616410] pciehp: PCI Express Hot Plug Controller Driver version: 0.4
[   11.619843] ACPI: AC Adapter [AC] (on-line)
[   11.620590] input: Power Button as /devices/LNXSYSTM:00/LNXPWRBN:00/input/input0
[   11.621830] ACPI: Power Button [PWRF]
[   11.622525] input: Sleep Button as /devices/LNXSYSTM:00/LNXSLPBN:00/input/input1
[   11.623771] ACPI: Sleep Button [SLPF]
[   11.625722] GHES: HEST is not enabled!
[   11.628260] Serial: 8250/16550 driver, 32 ports, IRQ sharing enabled
[   11.651203] 00:02: ttyS0 at I/O 0x3f8 (irq = 4, base_baud = 115200) is a 16550A
[   11.655165] Linux agpgart interface v0.103
[   11.657150] loop: module loaded
[   11.659529] scsi host0: ata_piix
[   11.660279] scsi host1: ata_piix
[   11.660902] ata1: PATA max UDMA/33 cmd 0x1f0 ctl 0x3f6 bmdma 0xd000 irq 14
[   11.661941] ata2: PATA max UDMA/33 cmd 0x170 ctl 0x376 bmdma 0xd008 irq 15
[   11.664375] libphy: Fixed MDIO Bus: probed
[   11.665098] tun: Universal TUN/TAP device driver, 1.6
[   11.671628] tun: (C) 1999-2004 Max Krasnyansky <maxk@qualcomm.com>
[   11.679137] PPP generic driver version 2.4.2
[   11.679934] ehci_hcd: USB 2.0 'Enhanced' Host Controller (EHCI) Driver
[   11.680918] ehci-pci: EHCI PCI platform driver
[   11.795781] ehci-platform: EHCI generic platform driver
[   11.808358] ohci_hcd: USB 1.1 'Open' Host Controller (OHCI) Driver
[   11.809294] ohci-pci: OHCI PCI platform driver
[   11.810035] ohci-platform: OHCI generic platform driver
[   11.810864] uhci_hcd: USB Universal Host Controller Interface driver
[   11.811887] i8042: PNP: PS/2 Controller [PNP0303:PS2K,PNP0f03:PS2M] at 0x60,0x64 irq 1,12
[   11.866107] serio: i8042 KBD port at 0x60,0x64 irq 1
[   12.034412] serio: i8042 AUX port at 0x60,0x64 irq 12
[   12.186599] mousedev: PS/2 mouse device common for all mice
[   12.205237] input: AT Translated Set 2 keyboard as /devices/platform/i8042/serio0/input/input2
[   12.206749] rtc_cmos rtc_cmos: rtc core: registered rtc_cmos as rtc0
[   12.207758] rtc_cmos rtc_cmos: alarms up to one day, 114 bytes nvram
[   12.211087] i2c /dev entries driver
[   12.211761] device-mapper: uevent: version 1.0.3
[   12.212603] device-mapper: ioctl: 4.34.0-ioctl (2015-10-28) initialised: dm-devel@redhat.com
[   12.213974] ledtrig-cpu: registered to indicate activity on CPUs
[   12.217276] NET: Registered protocol family 10
[   12.359169] NET: Registered protocol family 17
[   12.360125] tsc: Refined TSC clocksource calibration: 3393.760 MHz
[   12.360135] clocksource: tsc: mask: 0xffffffffffffffff max_cycles: 0x30eb47fbcc5, max_idle_ns: 440795252670 ns
[   12.641271] Key type dns_resolver registered
[   12.654178] microcode: CPU0 sig=0x306a9, pf=0x2, revision=0x19
[   12.657992] microcode: CPU1 sig=0x306a9, pf=0x2, revision=0x19
[   12.668903] microcode: Microcode Update Driver: v2.01 <tigran@aivazian.fsnet.co.uk>, Peter Oruba
[   12.670391] registered taskstats version 1
[   12.671108] Loading compiled-in X.509 certificates
[   12.672498] Loaded X.509 cert 'Build time autogenerated kernel key: 6495e09daeacef0cade9c1ea2246b74b6c79cd53'
[   12.688070] zswap: loaded using pool lzo/zbud
[   12.690155] Key type trusted registered
[   12.716335] Key type encrypted registered
[   12.717035] AppArmor: AppArmor sha1 policy hashing enabled
[   12.717909] ima: No TPM chip found, activating TPM-bypass!
[   12.783559] evm: HMAC attrs: 0x1
[   12.844943]   Magic number: 13:778:53
[   12.852409] rtc_cmos rtc_cmos: setting system clock to 2017-12-15 01:05:58 UTC (1513299958)
[   12.853903] BIOS EDD facility v0.16 2004-Jun-25, 0 devices found
[   12.895742] EDD information not available.
[   12.897548] Freeing unused kernel memory: 1492K
[   12.905250] Write protecting the kernel read-only data: 14336k
[   12.906608] Freeing unused kernel memory: 1744K
[   12.907617] Freeing unused kernel memory: 108K
Loading, please wait...
[   12.916433] random: systemd-udevd: uninitialized urandom read (16 bytes read, 3 bits of entropy available)
starting version 229
[   12.916849] random: udevadm: uninitialized urandom read (16 bytes read, 3 bits of entropy available)
[   12.916863] random: udevadm: uninitialized urandom read (16 bytes read, 3 bits of entropy available)
[   12.922342] random: udevadm: uninitialized urandom read (16 bytes read, 3 bits of entropy available)
[   12.922368] random: udevadm: uninitialized urandom read (16 bytes read, 3 bits of entropy available)
[   12.922454] random: udevadm: uninitialized urandom read (16 bytes read, 3 bits of entropy available)
[   12.922489] random: udevadm: uninitialized urandom read (16 bytes read, 3 bits of entropy available)
[   12.922523] random: udevadm: uninitialized urandom read (16 bytes read, 3 bits of entropy available)
[   12.922556] random: udevadm: uninitialized urandom read (16 bytes read, 3 bits of entropy available)
[   12.922591] random: udevadm: uninitialized urandom read (16 bytes read, 3 bits of entropy available)
[   13.129764] Fusion MPT base driver 3.04.20
[   13.190137] Copyright (c) 1999-2008 LSI Corporation
[   13.201528] e1000: Intel(R) PRO/1000 Network Driver - version 7.3.21-k8-NAPI
[   13.202605] e1000: Copyright (c) 1999-2006 Intel Corporation.
[   13.218843] AVX version of gcm_enc/dec engaged.
[   13.258112] AES CTR mode by8 optimization enabled
[   13.264997] Fusion MPT SPI Host driver 3.04.20
[   13.409972] input: ImExPS/2 Generic Explorer Mouse as /devices/platform/i8042/serio1/input/input4
[   13.590853] e1000 0000:00:03.0 eth0: (PCI:33MHz:32-bit) 02:63:8e:2c:ef:cd
[   13.667087] e1000 0000:00:03.0 eth0: Intel(R) PRO/1000 Network Connection
[   13.668747] mptbase: ioc0: Initiating bringup
[   13.669248] e1000 0000:00:03.0 enp0s3: renamed from eth0
[   13.732066] ioc0: LSI53C1030 A0: Capabilities={Initiator}
[   14.075278] scsi host2: ioc0: LSI53C1030 A0, FwRev=00000000h, Ports=1, MaxQ=256, IRQ=20
[   14.188795] scsi 2:0:0:0: Direct-Access     VBOX     HARDDISK         1.0  PQ: 0 ANSI: 5
[   14.390217] scsi target2:0:0: Beginning Domain Validation
[   14.392344] scsi target2:0:0: Domain Validation skipping write tests
[   14.393306] scsi target2:0:0: Ending Domain Validation
[   14.394154] scsi target2:0:0: asynchronous
[   14.395157] scsi 2:0:1:0: Direct-Access     VBOX     HARDDISK         1.0  PQ: 0 ANSI: 5
[   14.404624] scsi target2:0:1: Beginning Domain Validation
[   14.406607] scsi target2:0:1: Domain Validation skipping write tests
[   14.407577] scsi target2:0:1: Ending Domain Validation
[   14.408432] scsi target2:0:1: asynchronous
[   14.413213] sd 2:0:0:0: Attached scsi generic sg0 type 0
[   14.423466] sd 2:0:0:0: [sda] 20971520 512-byte logical blocks: (10.7 GB/10.0 GiB)
[   14.474443] sd 2:0:1:0: Attached scsi generic sg1 type 0
[   14.475385] sd 2:0:0:0: [sda] Write Protect is off
[   14.476312] sd 2:0:0:0: [sda] Incomplete mode parameter data
[   14.477197] sd 2:0:0:0: [sda] Assuming drive cache: write through
[   14.478131] sd 2:0:1:0: [sdb] 20480 512-byte logical blocks: (10.5 MB/10.0 MiB)
[   14.622317] sd 2:0:1:0: [sdb] Write Protect is off
[   14.715986] sd 2:0:1:0: [sdb] Incomplete mode parameter data
[   14.738148] sd 2:0:1:0: [sdb] Assuming drive cache: write through
[   14.739676]  sda: sda1
[   14.742062] sd 2:0:0:0: [sda] Attached SCSI disk
[   14.747966] sd 2:0:1:0: [sdb] Attached SCSI disk
[   16.268904] floppy0: no floppy controllers found
Begin: Loading e[   17.712104] md: linear personality registered for level -1
ssential drivers[   17.910314] md: multipath personality registered for level -4
 ... [   17.937033] md: raid0 personality registered for level 0
[   17.944976] md: raid1 personality registered for level 1
[   18.027370] raid6: sse2x1   gen()  9834 MB/s
[   18.139847] raid6: sse2x1   xor()  7954 MB/s
[   18.235887] raid6: sse2x2   gen() 12343 MB/s
[   18.375390] raid6: sse2x2   xor()  8769 MB/s
[   18.563434] raid6: sse2x4   gen() 14300 MB/s
[   18.747453] raid6: sse2x4   xor() 10546 MB/s
[   18.868780] raid6: using algorithm sse2x4 gen() 14300 MB/s
[   18.964106] raid6: .... xor() 10546 MB/s, rmw enabled
[   18.971890] raid6: using ssse3x2 recovery algorithm
[   19.006640] xor: automatically using best checksumming function:
[   19.043474]    avx       : 20080.000 MB/sec
[   19.046704] async_tx: api initialized (async)
[   19.081662] md: raid6 personality registered for level 6
[   19.165068] md: raid5 personality registered for level 5
[   19.165913] md: raid4 personality registered for level 4
[   19.170767] md: raid10 personality registered for level 10
done.
Begin: Running /scripts/init-premount ... done.
Begin: Mounting root file system ... Begin: Running /scripts/local-top ... done.
Begin: Running /scripts/local-premount ... [   19.208966] Btrfs loaded
Scanning for Btrfs filesystems
done.
Warning: fsck not present, so sk[   19.275549] EXT4-fs (sda1): INFO: recovery required on readonly filesystem
ipping root file system
[   19.278762] EXT4-fs (sda1): write access will be enabled during recovery
[   19.341619] EXT4-fs (sda1): recovery complete
[   19.344878] EXT4-fs (sda1): mounted filesystem with ordered data mode. Opts: (null)
done.
Begin: Running /scripts/local-bottom ... done.
Begin: Running /scripts/init-bottom ... done.
[   19.880627] systemd[1]: systemd 229 running in system mode. (+PAM +AUDIT +SELINUX +IMA +APPARMOR +SMACK +SYSVINIT +UTMP +LIBCRYPTSETUP +GCRYPT +GNUTLS +ACL +XZ -LZ4 +SECCOMP +BLKID +ELFUTILS +KMOD -IDN)
[   20.053241] systemd[1]: Detected virtualization oracle.
[   20.067369] systemd[1]: Detected architecture x86-64.

Welcome to [1mUbuntu 16.04.3 LTS[0m!

[   20.445593] systemd[1]: Set hostname to <ubuntu-xenial>.
[   20.846725] random: nonblocking pool is initialized
[   21.462514] systemd[1]: Listening on /dev/initctl Compatibility Named Pipe.
[[0;32m  OK  [0m] Listening on /dev/initctl Compatibility Named Pipe.
[   21.700128] systemd[1]: Listening on LVM2 poll daemon socket.
[[0;32m  OK  [0m] Listening on LVM2 poll daemon socket.
[   21.828176] systemd[1]: Started Forward Password Requests to Wall Directory Watch.
[[0;32m  OK  [0m] Started Forward Password Requests to Wall Directory Watch.
[   22.095691] systemd[1]: Listening on Journal Socket.
[[0;32m  OK  [0m] Listening on Journal Socket.
[   22.127651] systemd[1]: Created slice User and Session Slice.
[[0;32m  OK  [0m] Created slice User and Session Slice.
[   22.164077] systemd[1]: Reached target User and Group Name Lookups.
[[0;32m  OK  [0m] Reached target User and Group Name Lookups.
[   22.168964] systemd[1]: Set up automount Arbitrary Executable File Formats File System Automount Point.
[[0;32m  OK  [0m] Set up automount Arbitrary Executab...ats File System Automount Point.
[   22.217160] systemd[1]: Started Trigger resolvconf update for networkd DNS.
[[0;32m  OK  [0m] Started Trigger resolvconf update for networkd DNS.
[   22.263765] systemd[1]: Listening on udev Kernel Socket.
[[0;32m  OK  [0m] Listening on udev Kernel Socket.
[   22.375844] systemd[1]: Listening on Journal Audit Socket.
[[0;32m  OK  [0m] Listening on Journal Audit Socket.
[   22.377583] systemd[1]: Reached target Encrypted Volumes.
[[0;32m  OK  [0m] Reached target Encrypted Volumes.
[   22.527738] systemd[1]: Listening on Journal Socket (/dev/log).
[[0;32m  OK  [0m] Listening on Journal Socket (/dev/log).
[   22.727738] systemd[1]: Listening on Device-mapper event daemon FIFOs.
[[0;32m  OK  [0m] Listening on Device-mapper event daemon FIFOs.
[   22.983825] systemd[1]: Listening on udev Control Socket.
[[0;32m  OK  [0m] Listening on udev Control Socket.
[   23.125018] systemd[1]: Listening on LVM2 metadata daemon socket.
[[0;32m  OK  [0m] Listening on LVM2 metadata daemon socket.
[   23.195873] systemd[1]: Listening on Syslog Socket.
[[0;32m  OK  [0m] Listening on Syslog Socket.
[   23.217928] systemd[1]: Created slice System Slice.
[[0;32m  OK  [0m] Created slice System Slice.
[   23.259681] systemd[1]: Starting Journal Service...
         Starting Journal Service...
[   23.315270] systemd[1]: Starting Remount Root and Kernel File Systems...
[   23.406944] EXT4-fs (sda1): re-mounted. Opts: (null)
         Starting Remount Root and Kernel File Systems...
[   23.463748] systemd[1]: Mounting POSIX Message Queue File System...
         Mounting POSIX Message Queue File System...
[   23.465886] systemd[1]: Starting Set console keymap...
         Starting Set console keymap...
[   23.485623] systemd[1]: Created slice system-serial\x2dgetty.slice.
[[0;32m  OK  [0m] Created slice system-serial\x2dgetty.slice.
[   23.488961] systemd[1]: Starting Nameserver information manager...
         Starting Nameserver information manager...
[   23.555720] systemd[1]: Starting Monitoring of LVM2 mirrors, snapshots etc. using dmeventd or progress polling...
         Starting Monitoring of LVM2 mirrors... dmeventd or progress polling...
[   23.612284] systemd[1]: Starting Uncomplicated firewall...
         Starting Uncomplicated firewall...
[   23.620802] systemd[1]: Mounting Huge Pages File System...
         Mounting Huge Pages File System...
[   23.622884] systemd[1]: Mounting Debug File System...
         Mounting Debug File System...
[   23.663673] systemd[1]: Starting Load Kernel Modules...
[   23.822791] Loading iSCSI transport class v2.0-870.
         Starting Load Kernel Modules...
[   23.851284] systemd[1]: Starting Create list of required static device nodes for the current kernel...
         Starting Create list of required[   24.058183] iscsi: registered transport (tcp)
 st... nodes for the current ker[   24.229444] iscsi: registered transport (iser)
nel...
[   24.316798] systemd[1]: Reached target Slices.
[[0;32m  OK  [0m] Reached target Slices.
[   24.502291] systemd[1]: Reached target Swap.
[[0;32m  OK  [0m] Reached target Swap.
[   24.645594] systemd[1]: Mounted POSIX Message Queue File System.
[[0;32m  OK  [0m] Mounted POSIX Message Queue File System.
[   24.899730] systemd[1]: Mounted Debug File System.
[[0;32m  OK  [0m] Mounted Debug File System.
[   25.053460] systemd[1]: Mounted Huge Pages File System.
[[0;32m  OK  [0m] Mounted Huge Pages File System.
[   25.200252] systemd[1]: Started Journal Service.
[[0;32m  OK  [0m] Started Journal Service.
[[0;32m  OK  [0m] Started Remount Root and Kernel File Systems.
[[0;32m  OK  [0m] Started Set console keymap.
[[0;32m  OK  [0m] Started Uncomplicated firewall.
[[0;32m  OK  [0m] Started Load Kernel Modules.
[[0;32m  OK  [0m] Started Create list of required sta...ce nodes for the current kernel.
[[0;32m  OK  [0m] Started Nameserver information manager.
[[0;32m  OK  [0m] Started LVM2 metadata daemon.
         Starting Create Static Device Nodes in /dev...
         Starting Apply Kernel Variables...
         Mounting FUSE Control File System...
         Starting Load/Save Random Seed...
         Starting Initial cloud-init job (pre-networking)...
         Starting udev Coldplug all Devices...
         Starting Flush Journal to Persistent Storage...
[[0;32m  OK  [0m] Mounted FUSE Control File System.
[[0;32m  OK  [0m] Started Create Static Device Nodes in /dev.
[[0;32m  OK  [0m] Started Apply Kernel Variables.
[[0;32m  OK  [0m] Started Load/Save Random Seed.
[[0;32m  OK  [0m] Started Monitoring of LVM2 mirrors,...ng dmeventd or progress polling.
[[0;32m  OK  [0m] Started udev Coldplug all Devices.
         Starting udev Kernel Device Manager...
[[0;32m  OK  [0m] Started Flush Journal to Persistent Storage.
[[0;32m  OK  [0m] Started udev Kernel Device Manager.
[[0;32m  OK  [0m] Reached target Local File Systems (Pre).
[[0;32m  OK  [0m] Reached target Local File Systems.
         Starting LSB: AppArmor initialization...
         Starting Create Volatile Files and Directories...
         Starting Set console font and keymap...
         Starting Tell Plymouth To Write Out Runtime Data...
[[0;32m  OK  [0m] Started Dispatch Password Requests to Console Directory Watch.
[[0;32m  OK  [0m] Started Tell Plymouth To Write Out Runtime Data.
[[0;32m  OK  [0m] Found device /dev/ttyS0.
[[0;32m  OK  [0m] Started Create Volatile Files and Directories.
[[0;32m  OK  [0m] Reached target System Time Synchronized.
         Starting Update UTMP about System Boot/Shutdown...
[[0;32m  OK  [0m] Started Update UTMP about System Boot/Shutdown.
[[0;32m  OK  [0m] Found device 82540EM Gigabit Ethern...r (PRO/1000 MT Desktop Adapter).
[[0;32m  OK  [0m] Started Set console font and keymap.
[[0;32m  OK  [0m] Created slice system-getty.slice.
[[0;32m  OK  [0m] Listening on Load/Save RF Kill Switch Status /dev/rfkill Watch.
[[0;32m  OK  [0m] Started LSB: AppArmor initialization.
[   21.152008] cloud-init[440]: Cloud-init v. 17.1 running 'init-local' at Fri, 15 Dec 2017 01:06:14 +0000. Up 20.71 seconds.
[[0;32m  OK  [0m] Started Initial cloud-init job (pre-networking).
[[0;32m  OK  [0m] Reached target Network (Pre).
[[0;32m  OK  [0m] Started ifup for enp0s3.
         Starting Raise network interfaces...
[[0;32m  OK  [0m] Started Raise network interfaces.
         Starting Initial cloud-init job (metadata service crawler)...
[[0;32m  OK  [0m] Reached target Network.
[   22.467547] cloud-init[967]: Cloud-init v. 17.1 running 'init' at Fri, 15 Dec 2017 01:06:15 +0000. Up 21.82 seconds.
[[0;32m  OK  [0m] Started Initial cloud-init job (metadata service crawler).
[   22.591003] cloud-init[967]: ci-info: +++++++++++++++++++++++++++++++++++++Net device info++++++++++++++++++++++++++++++++++++++
[   22.707537] cloud-init[967]: ci-info: +--------+------+----------------------------+---------------+-------+-------------------+
[   22.824498] cloud-init[967]: ci-info: | Device |  Up  |          Address           |      Mask     | Scope |     Hw-Address    |
[   22.948492] cloud-init[967]: ci-info: +--------+------+----------------------------+---------------+-------+-------------------+
[   23.008474] cloud-init[967]: ci-info: | enp0s3 | True |         10.0.2.15          | 255.255.255.0 |   .   | 02:63:8e:2c:ef:cd |
[[0;32m  OK  [0m] Reached target System Initialization.
[   23.119596] cloud-init[967]: ci-info: | enp0s3 | True | fe80::63:8eff:fe2c:efcd/64 |       .       |  link | 02:63:8e:2c:ef:cd |
[   23.288602] cloud-init[967]: ci-info: |   lo   | True |         127.0.0.1          |   255.0.0.0   |   .   |         .         |
[   23.400572] cloud-init[967]: ci-info: |   lo   | True |          ::1/128           |       .       |  host |         .         |
         Starting LXD - unix socket.
[[0;32m  OK  [0m] Listening on ACPID Listen Socket.
[   23.491118] cloud-init[967]: ci-info: +--------+------+----------------------------+---------------+-------+-------------------+
[   23.512616] cloud-init[967]: ci-info: +++++++++++++++++++++++++++Route IPv4 info++++++++++++++++++++++++++++
[   23.515725] cloud-init[967]: ci-info: +-------+-------------+----------+---------------+-----------+-------+
[   23.556288] cloud-init[967]: ci-info: | Route | Destination | Gateway  |    Genmask    | Interface | Flags |
[[0;32m  OK  [0m] Started Timer to automatically refresh installed snaps.
[[0;32m  OK  [0m] Listening on D-Bus System Message Bus Socket.
[[0;32m  OK  [0m] Started Daily Cleanup of Temporary Directories.
[   23.648334] cloud-init[967]: ci-info: +-------+-------------+----------+---------------+-----------+-------+
[   23.948318] cloud-init[967]: ci-info: |   0   |   0.0.0.0   | 10.0.2.2 |    0.0.0.0    |   enp0s3  |   UG  |
[   24.040749] cloud-init[967]: ci-info: |   1   |   10.0.2.0  | 0.0.0.0  | 255.255.255.0 |   enp0s3  |   U   |
[   24.140271] cloud-init[967]: ci-info: +-------+-------------+----------+---------------+-----------+-------+
[[0;32m  OK  [0m] Listening on UUID daemon activation socket.
         Starting Socket activation for snappy daemon.
[[0;32m  OK  [0m] Started ACPI Events Check.
[[0;32m  OK  [0m] Reached target Paths.
[[0;32m  OK  [0m] Reached target Network is Online.
         Starting iSCSI initiator daemon (iscsid)...
[[0;32m  OK  [0m] Started Daily apt download activities.
[[0;32m  OK  [0m] Started Daily apt upgrade and clean activities.
[[0;32m  OK  [0m] Reached target Timers.
[[0;32m  OK  [0m] Reached target Cloud-config availability.
[[0;32m  OK  [0m] Listening on LXD - unix socket.
[[0;32m  OK  [0m] Listening on Socket activation for snappy daemon.
[[0;32m  OK  [0m] Reached target Sockets.
[[0;32m  OK  [0m] Reached target Basic System.
[[0;32m  OK  [0m] Started Regular background program processing daemon.
         Starting /etc/rc.local Compatibility...
[[0;32m  OK  [0m] Started ACPI event daemon.
         Starting Accounts Service...
         Starting OpenBSD Secure Shell server...
[[0;32m  OK  [0m] Started Deferred execution scheduler.
         Starting LSB: Record successful boot for GRUB...
         Starting Snappy daemon...
         Starting LXD - container startup/shutdown...
[[0;32m  OK  [0m] Started D-Bus System Message Bus.
         Starting Apply the settings specified in cloud-config...
         Starting Login Service...
         Starting System Logging Service...
[[0;32m  OK  [0m] Started Unattended Upgrades Shutdown.
         Starting LSB: MD monitoring daemon...
[[0;32m  OK  [0m] Started FUSE filesystem for LXC.
[[0;32m  OK  [0m] Started OpenBSD Secure Shell server.
[[0;32m  OK  [0m] Started iSCSI initiator daemon (iscsid).
[[0;32m  OK  [0m] Started /etc/rc.local Compatibility.
         Starting Authenticate and Authorize Users to Run Privileged Tasks...
         Starting Login to default iSCSI targets...
[[0;32m  OK  [0m] Started LSB: Record successful boot for GRUB.
[[0;32m  OK  [0m] Started Login Service.
[[0;32m  OK  [0m] Started System Logging Service.
[[0;32m  OK  [0m] Started LSB: MD monitoring daemon.
[   26.620898] cloud-init[1053]: Cloud-init v. 17.1 running 'modules:config' at Fri, 15 Dec 2017 01:06:19 +0000. Up 26.05 seconds.
[[0;32m  OK  [0m] Started Apply the settings specified in cloud-config.
[[0;32m  OK  [0m] Started Authenticate and Authorize Users to Run Privileged Tasks.
[[0;32m  OK  [0m] Started Login to default iSCSI targets.
[[0;32m  OK  [0m] Started Accounts Service.
[[0;32m  OK  [0m] Reached target Remote File Systems (Pre).
[[0;32m  OK  [0m] Reached target Remote File Systems.
         Starting LSB: VirtualBox Linux Additions...
         Starting LSB: automatic crash report generation...
         Starting Permit User Sessions...
         Starting LSB: Set the CPU Frequency Scaling governor to "ondemand"...
         Starting LSB: daemon to balance interrupts for SMP systems...
[[0;32m  OK  [0m] Started Snappy daemon.
[[0;32m  OK  [0m] Started Permit User Sessions.
[[0;32m  OK  [0m] Started LSB: Set the CPU Frequency Scaling governor to "ondemand".
         Starting Terminate Plymouth Boot Screen...
         Starting Hold until boot process finishes up...
[[0;32m  OK  [0m] Started Terminate Plymouth Boot Screen.
[[0;32m  OK  [0m] Started LXD - container startup/shutdown.
[[0;32m  OK  [0m] Started LSB: daemon to balance interrupts for SMP systems.
[[0;32m  OK  [0m] Started Hold until boot process finishes up.
[[0;32m  OK  [0m] Started LSB: automatic crash report generation.
[[0;32m  OK  [0m] Started Getty on tty1.
[[0;32m  OK  [0m] Started Serial Getty on ttyS0.
[[0;32m  OK  [0m] Reached target Login Prompts.
         Starting Set console scheme...
[[0;32m  OK  [0m] Started LSB: VirtualBox Linux Additions.
[[0;32m  OK  [0m] Reached target Multi-User System.
         Starting Execute cloud user/final scripts...
[[0;32m  OK  [0m] Reached target Graphical Interface.
         Starting Update UTMP about System Runlevel Changes...
[[0;32m  OK  [0m] Started Set console scheme.
[[0;32m  OK  [0m] Started Update UTMP about System Runlevel Changes.
[   28.173751] cloud-init[1186]: Cloud-init v. 17.1 running 'modules:final' at Fri, 15 Dec 2017 01:06:21 +0000. Up 28.04 seconds.
[   28.195002] cloud-init[1186]: Cloud-init v. 17.1 finished at Fri, 15 Dec 2017 01:06:22 +0000. Datasource DataSourceNoCloud [seed=/dev/sdb][dsmode=net].  Up 28.16 seconds
[[0;32m  OK  [0m] Started Execute cloud user/final scripts.
         Starting Daily apt download activities...
[[0;32m  OK  [0m] Reached target Cloud-init target.
[[0;32m  OK  [0m] Created slice User Slice of ubuntu.
         Starting User Manager for UID 1000...
[[0;32m  OK  [0m] Started Session 1 of user ubuntu.
[[0;32m  OK  [0m] Started User Manager for UID 1000.

Ubuntu 16.04.3 LTS ubuntu-xenial ttyS0

ubuntu-xenial login: 