[    0.000000] Initializing cgroup subsys cpuset
[    0.000000] Initializing cgroup subsys cpu
[    0.000000] Initializing cgroup subsys cpuacct
[    0.000000] Linux version 4.4.0-104-generic (buildd@lgw01-amd64-022) (gcc version 5.4.0 20160609 (Ubuntu 5.4.0-6ubuntu1~16.04.5) ) #127-Ubuntu SMP Mon Dec 11 12:16:42 UTC 2017 (Ubuntu 4.4.0-104.127-generic 4.4.98)
[    0.000000] Command line: BOOT_IMAGE=/boot/vmlinuz-4.4.0-104-generic root=UUID=743b1402-d445-494c-af0b-749040bb33e4 ro console=tty1 console=ttyS0
[    0.000000] KERNEL supported cpus:
[    0.000000]   Intel GenuineIntel
[    0.000000]   AMD AuthenticAMD
[    0.000000]   Centaur CentaurHauls
[    0.000000] x86/fpu: xstate_offset[2]:  576, xstate_sizes[2]:  256
[    0.000000] x86/fpu: Supporting XSAVE feature 0x01: 'x87 floating point registers'
[    0.000000] x86/fpu: Supporting XSAVE feature 0x02: 'SSE registers'
[    0.000000] x86/fpu: Supporting XSAVE feature 0x04: 'AVX registers'
[    0.000000] x86/fpu: Enabled xstate features 0x7, context size is 832 bytes, using 'standard' format.
[    0.000000] x86/fpu: Using 'lazy' FPU context switches.
[    0.000000] e820: BIOS-provided physical RAM map:
[    0.000000] BIOS-e820: [mem 0x0000000000000000-0x000000000009fbff] usable
[    0.000000] BIOS-e820: [mem 0x000000000009fc00-0x000000000009ffff] reserved
[    0.000000] BIOS-e820: [mem 0x00000000000f0000-0x00000000000fffff] reserved
[    0.000000] BIOS-e820: [mem 0x0000000000100000-0x000000003ffeffff] usable
[    0.000000] BIOS-e820: [mem 0x000000003fff0000-0x000000003fffffff] ACPI data
[    0.000000] BIOS-e820: [mem 0x00000000fec00000-0x00000000fec00fff] reserved
[    0.000000] BIOS-e820: [mem 0x00000000fee00000-0x00000000fee00fff] reserved
[    0.000000] BIOS-e820: [mem 0x00000000fffc0000-0x00000000ffffffff] reserved
[    0.000000] NX (Execute Disable) protection: active
[    0.000000] SMBIOS 2.5 present.
[    0.000000] Hypervisor detected: KVM
[    0.000000] e820: last_pfn = 0x3fff0 max_arch_pfn = 0x400000000
[    0.000000] MTRR: Disabled
[    0.000000] x86/PAT: MTRRs disabled, skipping PAT initialization too.
[    0.000000] CPU MTRRs all blank - virtualized system.
[    0.000000] x86/PAT: Configuration [0-7]: WB  WT  UC- UC  WB  WT  UC- UC  
[    0.000000] found SMP MP-table at [mem 0x0009fff0-0x0009ffff] mapped at [ffff88000009fff0]
[    0.000000] Scanning 1 areas for low memory corruption
[    0.000000] RAMDISK: [mem 0x36232000-0x37110fff]
[    0.000000] ACPI: Early table checksum verification disabled
[    0.000000] ACPI: RSDP 0x00000000000E0000 000024 (v02 VBOX  )
[    0.000000] ACPI: XSDT 0x000000003FFF0030 00003C (v01 VBOX   VBOXXSDT 00000001 ASL  00000061)
[    0.000000] ACPI: FACP 0x000000003FFF00F0 0000F4 (v04 VBOX   VBOXFACP 00000001 ASL  00000061)
[    0.000000] ACPI: DSDT 0x000000003FFF0470 0021FF (v02 VBOX   VBOXBIOS 00000002 INTL 20100528)
[    0.000000] ACPI: FACS 0x000000003FFF0200 000040
[    0.000000] ACPI: FACS 0x000000003FFF0200 000040
[    0.000000] ACPI: APIC 0x000000003FFF0240 00005C (v02 VBOX   VBOXAPIC 00000001 ASL  00000061)
[    0.000000] ACPI: SSDT 0x000000003FFF02A0 0001CC (v01 VBOX   VBOXCPUT 00000002 INTL 20100528)
[    0.000000] No NUMA configuration found
[    0.000000] Faking a node at [mem 0x0000000000000000-0x000000003ffeffff]
[    0.000000] NODE_DATA(0) allocated [mem 0x3ffeb000-0x3ffeffff]
[    0.000000] kvm-clock: Using msrs 4b564d01 and 4b564d00
[    0.000000] kvm-clock: cpu 0, msr 0:3ffe3001, primary cpu clock
[    0.000000] kvm-clock: using sched offset of 3345356617 cycles
[    0.000000] clocksource: kvm-clock: mask: 0xffffffffffffffff max_cycles: 0x1cd42e4dffb, max_idle_ns: 881590591483 ns
[    0.000000] Zone ranges:
[    0.000000]   DMA      [mem 0x0000000000001000-0x0000000000ffffff]
[    0.000000]   DMA32    [mem 0x0000000001000000-0x000000003ffeffff]
[    0.000000]   Normal   empty
[    0.000000]   Device   empty
[    0.000000] Movable zone start for each node
[    0.000000] Early memory node ranges
[    0.000000]   node   0: [mem 0x0000000000001000-0x000000000009efff]
[    0.000000]   node   0: [mem 0x0000000000100000-0x000000003ffeffff]
[    0.000000] Initmem setup node 0 [mem 0x0000000000001000-0x000000003ffeffff]
[    0.000000] ACPI: PM-Timer IO Port: 0x4008
[    0.000000] IOAPIC[0]: apic_id 2, version 32, address 0xfec00000, GSI 0-23
[    0.000000] ACPI: INT_SRC_OVR (bus 0 bus_irq 0 global_irq 2 dfl dfl)
[    0.000000] ACPI: INT_SRC_OVR (bus 0 bus_irq 9 global_irq 9 high level)
[    0.000000] Using ACPI (MADT) for SMP configuration information
[    0.000000] smpboot: Allowing 2 CPUs, 0 hotplug CPUs
[    0.000000] PM: Registered nosave memory: [mem 0x00000000-0x00000fff]
[    0.000000] PM: Registered nosave memory: [mem 0x0009f000-0x0009ffff]
[    0.000000] PM: Registered nosave memory: [mem 0x000a0000-0x000effff]
[    0.000000] PM: Registered nosave memory: [mem 0x000f0000-0x000fffff]
[    0.000000] e820: [mem 0x40000000-0xfebfffff] available for PCI devices
[    0.000000] Booting paravirtualized kernel on KVM
[    0.000000] clocksource: refined-jiffies: mask: 0xffffffff max_cycles: 0xffffffff, max_idle_ns: 7645519600211568 ns
[    0.000000] setup_percpu: NR_CPUS:512 nr_cpumask_bits:512 nr_cpu_ids:2 nr_node_ids:1
[    0.000000] PERCPU: Embedded 33 pages/cpu @ffff88003fc00000 s98200 r8192 d28776 u1048576
[    0.000000] PV qspinlock hash table entries: 256 (order: 0, 4096 bytes)
[    0.000000] Built 1 zonelists in Node order, mobility grouping on.  Total pages: 257913
[    0.000000] Policy zone: DMA32
[    0.000000] Kernel command line: BOOT_IMAGE=/boot/vmlinuz-4.4.0-104-generic root=UUID=743b1402-d445-494c-af0b-749040bb33e4 ro console=tty1 console=ttyS0
[    0.000000] PID hash table entries: 4096 (order: 3, 32768 bytes)
[    0.000000] Memory: 997344K/1048120K available (8485K kernel code, 1295K rwdata, 3988K rodata, 1492K init, 1316K bss, 50776K reserved, 0K cma-reserved)
[    0.000000] SLUB: HWalign=64, Order=0-3, MinObjects=0, CPUs=2, Nodes=1
[    0.000000] Hierarchical RCU implementation.
[    0.000000] 	Build-time adjustment of leaf fanout to 64.
[    0.000000] 	RCU restricting CPUs from NR_CPUS=512 to nr_cpu_ids=2.
[    0.000000] RCU: Adjusting geometry for rcu_fanout_leaf=64, nr_cpu_ids=2
[    0.000000] NR_IRQS:33024 nr_irqs:440 16
[    0.000000] Console: colour VGA+ 80x25
[    0.000000] console [tty1] enabled
[    0.000000] console [ttyS0] enabled
[    0.000000] tsc: Detected 3392.296 MHz processor
[    3.340195] Calibrating delay loop (skipped) preset value.. 6784.59 BogoMIPS (lpj=13569184)
[    3.341617] pid_max: default: 32768 minimum: 301
[    3.342381] ACPI: Core revision 20150930
[    3.343873] ACPI: 2 ACPI AML tables successfully acquired and loaded
[    3.344975] Security Framework initialized
[    3.345905] Yama: becoming mindful.
[    3.434669] AppArmor: AppArmor initialized
[    3.557700] Dentry cache hash table entries: 131072 (order: 8, 1048576 bytes)
[    3.780982] Inode-cache hash table entries: 65536 (order: 7, 524288 bytes)
[    3.996611] Mount-cache hash table entries: 2048 (order: 2, 16384 bytes)
[    4.022796] Mountpoint-cache hash table entries: 2048 (order: 2, 16384 bytes)
[    4.024008] Initializing cgroup subsys io
[    4.024704] Initializing cgroup subsys memory
[    4.025456] Initializing cgroup subsys devices
[    4.114722] Initializing cgroup subsys freezer
[    4.220843] Initializing cgroup subsys net_cls
[    4.236579] Initializing cgroup subsys perf_event
[    4.253336] Initializing cgroup subsys net_prio
[    4.256641] Initializing cgroup subsys hugetlb
[    4.257383] Initializing cgroup subsys pids
[    4.258168] CPU: Physical Processor ID: 0
[    4.258851] CPU: Processor Core ID: 0
[    4.259791] mce: CPU supports 0 MCE banks
[    4.260548] Last level iTLB entries: 4KB 512, 2MB 8, 4MB 8
[    4.399326] Last level dTLB entries: 4KB 512, 2MB 32, 4MB 32, 1GB 0
[    4.595080] Freeing SMP alternatives memory: 32K
[    4.616773] ftrace: allocating 32158 entries in 126 pages
[    4.655690] smpboot: APIC(0) Converting physical 0 to logical package 0
[    4.662452] smpboot: Max logical packages: 1
[    4.663421] x2apic enabled
[    4.664166] Switched APIC routing to physical x2apic.
[    4.665956] ..TIMER: vector=0x30 apic1=0 pin1=2 apic2=-1 pin2=-1
[    4.771536] smpboot: CPU0: Intel(R) Core(TM) i7-3770 CPU @ 3.40GHz (family: 0x6, model: 0x3a, stepping: 0x9)
[    5.010912] Performance Events: unsupported p6 CPU model 58 no PMU driver, software events only.
[    5.012604] KVM setup paravirtual spinlock
[    5.013870] x86: Booting SMP configuration:
[    5.014585] .... node  #0, CPUs:      #1
[    5.015391] kvm-clock: cpu 1, msr 0:3ffe3041, secondary cpu clock
[    5.016355] mce: CPU supports 0 MCE banks
[    5.018782] x86: Booted up 1 node, 2 CPUs
[    5.019654] smpboot: Total of 2 processors activated (13569.18 BogoMIPS)
[    5.021025] devtmpfs: initialized
[    5.029171] evm: security.selinux
[    5.029774] evm: security.SMACK64
[    5.030408] evm: security.SMACK64EXEC
[    5.031059] evm: security.SMACK64TRANSMUTE
[    5.032010] evm: security.SMACK64MMAP
[    5.032665] evm: security.ima
[    5.033233] evm: security.capability
[    5.034040] clocksource: jiffies: mask: 0xffffffff max_cycles: 0xffffffff, max_idle_ns: 7645041785100000 ns
[    5.069167] futex hash table entries: 512 (order: 3, 32768 bytes)
[    5.183747] pinctrl core: initialized pinctrl subsystem
[    5.184680] RTC time:  0:21:56, date: 12/22/17
[    5.185793] NET: Registered protocol family 16
[    5.198563] cpuidle: using governor ladder
[    5.210064] cpuidle: using governor menu
[    5.210788] PCCT header not found.
[    5.211436] ACPI: bus type PCI registered
[    5.212138] acpiphp: ACPI Hot Plug PCI Controller Driver version: 0.5
[    5.213178] PCI: Using configuration type 1 for base access
[    5.274200] ACPI: Added _OSI(Module Device)
[    5.295874] ACPI: Added _OSI(Processor Device)
[    5.297849] ACPI: Added _OSI(3.0 _SCP Extensions)
[    5.310230] ACPI: Added _OSI(Processor Aggregator Device)
[    5.311667] ACPI: Executed 1 blocks of module-level executable AML code
[    5.315368] ACPI: Interpreter enabled
[    5.318724] ACPI: (supports S0 S5)
[    5.319343] ACPI: Using IOAPIC for interrupt routing
[    5.320262] PCI: Using host bridge windows from ACPI; if necessary, use "pci=nocrs" and report a bug
[    5.330127] ACPI: PCI Root Bridge [PCI0] (domain 0000 [bus 00-ff])
[    5.346559] acpi PNP0A03:00: _OSC: OS supports [ASPM ClockPM Segments MSI]
[    5.347589] acpi PNP0A03:00: _OSC: not requesting OS control; OS requires [ExtendedConfig ASPM ClockPM MSI]
[    5.349130] acpi PNP0A03:00: fail to add MMCONFIG information, can't access extended PCI configuration space under this bridge.
[    5.351121] PCI host bridge to bus 0000:00
[    5.351805] pci_bus 0000:00: root bus resource [io  0x0000-0x0cf7 window]
[    5.352791] pci_bus 0000:00: root bus resource [io  0x0d00-0xffff window]
[    5.471443] pci_bus 0000:00: root bus resource [mem 0x000a0000-0x000bffff window]
[    5.583503] pci_bus 0000:00: root bus resource [mem 0x40000000-0xffdfffff window]
[    5.584801] pci_bus 0000:00: root bus resource [bus 00-ff]
[    5.587186] pci 0000:00:01.1: legacy IDE quirk: reg 0x10: [io  0x01f0-0x01f7]
[    5.588235] pci 0000:00:01.1: legacy IDE quirk: reg 0x14: [io  0x03f6]
[    5.589214] pci 0000:00:01.1: legacy IDE quirk: reg 0x18: [io  0x0170-0x0177]
[    5.590253] pci 0000:00:01.1: legacy IDE quirk: reg 0x1c: [io  0x0376]
[    5.601629] pci 0000:00:07.0: quirk: [io  0x4000-0x403f] claimed by PIIX4 ACPI
[    5.609831] pci 0000:00:07.0: quirk: [io  0x4100-0x410f] claimed by PIIX4 SMB
[    5.614075] ACPI: PCI Interrupt Link [LNKA] (IRQs 5 9 10 *11)
[    5.637878] ACPI: PCI Interrupt Link [LNKB] (IRQs 5 9 10 *11)
[    5.799467] ACPI: PCI Interrupt Link [LNKC] (IRQs 5 9 *10 11)
[    5.819319] ACPI: PCI Interrupt Link [LNKD] (IRQs 5 *9 10 11)
[    5.839125] ACPI: Enabled 2 GPEs in block 00 to 07
[    5.982736] vgaarb: setting as boot device: PCI:0000:00:02.0
[    6.157543] vgaarb: device added: PCI:0000:00:02.0,decodes=io+mem,owns=io+mem,locks=none
[    6.309507] vgaarb: loaded
[    6.310049] vgaarb: bridge control possible 0000:00:02.0
[    6.311096] SCSI subsystem initialized
[    6.311833] ACPI: bus type USB registered
[    6.312555] usbcore: registered new interface driver usbfs
[    6.333031] usbcore: registered new interface driver hub
[    6.335082] usbcore: registered new device driver usb
[    6.341709] PCI: Using ACPI for IRQ routing
[    6.472299] NetLabel: Initializing
[    6.557004] NetLabel:  domain hash size = 128
[    6.599771] NetLabel:  protocols = UNLABELED CIPSOv4
[    6.600607] NetLabel:  unlabeled traffic allowed by default
[    6.601642] amd_nb: Cannot enumerate AMD northbridges
[    6.699232] clocksource: Switched to clocksource kvm-clock
[    6.705008] AppArmor: AppArmor Filesystem Enabled
[    6.725044] pnp: PnP ACPI init
[    6.726270] pnp: PnP ACPI: found 3 devices
[    6.734967] clocksource: acpi_pm: mask: 0xffffff max_cycles: 0xffffff, max_idle_ns: 2085701024 ns
[    6.982532] NET: Registered protocol family 2
[    6.983433] TCP established hash table entries: 8192 (order: 4, 65536 bytes)
[    7.024684] TCP bind hash table entries: 8192 (order: 5, 131072 bytes)
[    7.025681] TCP: Hash tables configured (established 8192 bind 8192)
[    7.027724] UDP hash table entries: 512 (order: 2, 16384 bytes)
[    7.123430] UDP-Lite hash table entries: 512 (order: 2, 16384 bytes)
[    7.124428] NET: Registered protocol family 1
[    7.125157] pci 0000:00:00.0: Limiting direct PCI/PCI transfers
[    7.126079] pci 0000:00:01.0: Activating ISA DMA hang workarounds
[    7.243074] Unpacking initramfs...
[    7.522500] Freeing initrd memory: 15228K
[    7.599717] RAPL PMU detected, API unit is 2^-32 Joules, 3 fixed counters 10737418240 ms ovfl timer
[    7.624248] hw unit of domain pp0-core 2^-0 Joules
[    7.625113] hw unit of domain package 2^-0 Joules
[    7.625997] hw unit of domain pp1-gpu 2^-0 Joules
[    7.633227] platform rtc_cmos: registered platform RTC device (no PNP device found)
[    7.637471] Scanning for low memory corruption every 60 seconds
[    7.641691] audit: initializing netlink subsys (disabled)
[    7.642546] audit: type=2000 audit(1513902117.835:1): initialized
[    7.643745] Initialise system trusted keyring
[    7.648766] HugeTLB registered 2 MB page size, pre-allocated 0 pages
[    7.653222] zbud: loaded
[    7.653912] VFS: Disk quotas dquot_6.6.0
[    7.654609] VFS: Dquot-cache hash table entries: 512 (order 0, 4096 bytes)
[    7.657326] squashfs: version 4.0 (2009/01/31) Phillip Lougher
[    7.658446] fuse init (API version 7.23)
[    7.666573] Key type big_key registered
[    7.667252] Allocating IMA MOK and blacklist keyrings.
[    7.669057] Key type asymmetric registered
[    7.673480] Asymmetric key parser 'x509' registered
[    7.681565] Block layer SCSI generic (bsg) driver version 0.4 loaded (major 249)
[    7.682865] io scheduler noop registered
[    7.687950] io scheduler deadline registered (default)
[    7.688781] io scheduler cfq registered
[    7.701390] pci_hotplug: PCI Hot Plug PCI Core version: 0.5
[    7.702258] pciehp: PCI Express Hot Plug Controller Driver version: 0.4
[    7.703364] ACPI: AC Adapter [AC] (on-line)
[    7.704103] input: Power Button as /devices/LNXSYSTM:00/LNXPWRBN:00/input/input0
[    7.705374] ACPI: Power Button [PWRF]
[    7.706062] input: Sleep Button as /devices/LNXSYSTM:00/LNXSLPBN:00/input/input1
[    7.707287] ACPI: Sleep Button [SLPF]
[    7.708080] GHES: HEST is not enabled!
[    7.708839] Serial: 8250/16550 driver, 32 ports, IRQ sharing enabled
ÿ[    7.743878] 00:02: ttyS0 at I/O 0x3f8 (irq = 4, base_baud = 115200) is a 16550A
[    7.757160] Linux agpgart interface v0.103
[    7.759270] loop: module loaded
[    7.779851] scsi host0: ata_piix
[    7.784128] scsi host1: ata_piix
[    7.784744] ata1: PATA max UDMA/33 cmd 0x1f0 ctl 0x3f6 bmdma 0xd000 irq 14
[    7.785775] ata2: PATA max UDMA/33 cmd 0x170 ctl 0x376 bmdma 0xd008 irq 15
[    7.786885] libphy: Fixed MDIO Bus: probed
[    7.794830] tun: Universal TUN/TAP device driver, 1.6
[    7.798696] tun: (C) 1999-2004 Max Krasnyansky <maxk@qualcomm.com>
[    7.880251] PPP generic driver version 2.4.2
[    7.887464] ehci_hcd: USB 2.0 'Enhanced' Host Controller (EHCI) Driver
[    7.935715] ehci-pci: EHCI PCI platform driver
[    7.939965] ehci-platform: EHCI generic platform driver
[    7.940801] ohci_hcd: USB 1.1 'Open' Host Controller (OHCI) Driver
[    7.942770] ohci-pci: OHCI PCI platform driver
[    7.943549] ohci-platform: OHCI generic platform driver
[    7.944384] uhci_hcd: USB Universal Host Controller Interface driver
[    7.945387] i8042: PNP: PS/2 Controller [PNP0303:PS2K,PNP0f03:PS2M] at 0x60,0x64 irq 1,12
[    7.949239] serio: i8042 KBD port at 0x60,0x64 irq 1
[    7.950035] serio: i8042 AUX port at 0x60,0x64 irq 12
[    7.951001] mousedev: PS/2 mouse device common for all mice
[    7.956236] input: AT Translated Set 2 keyboard as /devices/platform/i8042/serio0/input/input2
[    7.957980] rtc_cmos rtc_cmos: rtc core: registered rtc_cmos as rtc0
[    7.958976] rtc_cmos rtc_cmos: alarms up to one day, 114 bytes nvram
[    7.959947] i2c /dev entries driver
[    7.964966] device-mapper: uevent: version 1.0.3
[    7.965808] device-mapper: ioctl: 4.34.0-ioctl (2015-10-28) initialised: dm-devel@redhat.com
[    7.967166] ledtrig-cpu: registered to indicate activity on CPUs
[    7.968454] NET: Registered protocol family 10
[    7.969318] NET: Registered protocol family 17
[    7.970059] Key type dns_resolver registered
[    7.970903] microcode: CPU0 sig=0x306a9, pf=0x2, revision=0x19
[    7.971850] microcode: CPU1 sig=0x306a9, pf=0x2, revision=0x19
[    7.972783] microcode: Microcode Update Driver: v2.01 <tigran@aivazian.fsnet.co.uk>, Peter Oruba
[    7.986020] registered taskstats version 1
[    7.991953] Loading compiled-in X.509 certificates
[    7.996327] Loaded X.509 cert 'Build time autogenerated kernel key: 8537ad706776f532219d7336343c968b9f82f7c7'
[    8.000915] zswap: loaded using pool lzo/zbud
[    8.003100] Key type trusted registered
[    8.005847] Key type encrypted registered
[    8.079723] AppArmor: AppArmor sha1 policy hashing enabled
[    8.125517] ima: No TPM chip found, activating TPM-bypass!
[    8.143862] evm: HMAC attrs: 0x1
[    8.144752]   Magic number: 13:509:355
[    8.175982] input event1: hash matches
[    8.188804] rtc_cmos rtc_cmos: setting system clock to 2017-12-22 00:21:59 UTC (1513902119)
[    8.433729] BIOS EDD facility v0.16 2004-Jun-25, 0 devices found
[    8.522062] EDD information not available.
[    8.523937] Freeing unused kernel memory: 1492K
[    8.524676] Write protecting the kernel read-only data: 14336k
[    8.525970] Freeing unused kernel memory: 1744K
[    8.529375] Freeing unused kernel memory: 108K
Loading, please wait...
starting version[    8.538497] random: systemd-udevd: uninitialized urandom read (16 bytes read, 2 bits of entropy available)
 229
[    8.538818] random: udevadm: uninitialized urandom read (16 bytes read, 2 bits of entropy available)
[    8.538832] random: udevadm: uninitialized urandom read (16 bytes read, 2 bits of entropy available)
[    8.544554] random: udevadm: uninitialized urandom read (16 bytes read, 2 bits of entropy available)
[    8.544580] random: udevadm: uninitialized urandom read (16 bytes read, 2 bits of entropy available)
[    8.544665] random: udevadm: uninitialized urandom read (16 bytes read, 2 bits of entropy available)
[    8.544701] random: udevadm: uninitialized urandom read (16 bytes read, 2 bits of entropy available)
[    8.544734] random: udevadm: uninitialized urandom read (16 bytes read, 2 bits of entropy available)
[    8.544768] random: udevadm: uninitialized urandom read (16 bytes read, 2 bits of entropy available)
[    8.544801] random: udevadm: uninitialized urandom read (16 bytes read, 2 bits of entropy available)
[    9.003341] tsc: Refined TSC clocksource calibration: 3393.204 MHz
[    9.004287] clocksource: tsc: mask: 0xffffffffffffffff max_cycles: 0x30e93ad4ea2, max_idle_ns: 440795270711 ns
[    9.025233] e1000: Intel(R) PRO/1000 Network Driver - version 7.3.21-k8-NAPI
[    9.102189] e1000: Copyright (c) 1999-2006 Intel Corporation.
[    9.104175] Fusion MPT base driver 3.04.20
[    9.104884] Copyright (c) 1999-2008 LSI Corporation
[    9.109874] Fusion MPT SPI Host driver 3.04.20
[    9.120029] AVX version of gcm_enc/dec engaged.
[    9.176078] AES CTR mode by8 optimization enabled
[    9.310150] input: ImExPS/2 Generic Explorer Mouse as /devices/platform/i8042/serio1/input/input4
[    9.632182] e1000 0000:00:03.0 eth0: (PCI:33MHz:32-bit) 02:63:8e:2c:ef:cd
[    9.685639] e1000 0000:00:03.0 eth0: Intel(R) PRO/1000 Network Connection
[    9.692097] mptbase: ioc0: Initiating bringup
[    9.694797] e1000 0000:00:03.0 enp0s3: renamed from eth0
[    9.755378] ioc0: LSI53C1030 A0: Capabilities={Initiator}
[   10.046089] scsi host2: ioc0: LSI53C1030 A0, FwRev=00000000h, Ports=1, MaxQ=256, IRQ=20
[   10.220211] scsi 2:0:0:0: Direct-Access     VBOX     HARDDISK         1.0  PQ: 0 ANSI: 5
[   10.483826] scsi target2:0:0: Beginning Domain Validation
[   10.545029] scsi target2:0:0: Domain Validation skipping write tests
[   10.546046] scsi target2:0:0: Ending Domain Validation
[   10.557505] scsi target2:0:0: asynchronous
[   10.558559] scsi 2:0:1:0: Direct-Access     VBOX     HARDDISK         1.0  PQ: 0 ANSI: 5
[   10.642215] scsi target2:0:1: Beginning Domain Validation
[   10.648068] scsi target2:0:1: Domain Validation skipping write tests
[   10.649031] scsi target2:0:1: Ending Domain Validation
[   10.649870] scsi target2:0:1: asynchronous
[   10.654417] sd 2:0:0:0: [sda] 20971520 512-byte logical blocks: (10.7 GB/10.0 GiB)
[   10.654569] sd 2:0:0:0: Attached scsi generic sg0 type 0
[   10.654893] sd 2:0:1:0: Attached scsi generic sg1 type 0
[   10.655047] sd 2:0:1:0: [sdb] 20480 512-byte logical blocks: (10.5 MB/10.0 MiB)
[   10.655140] sd 2:0:1:0: [sdb] Write Protect is off
[   10.655224] sd 2:0:1:0: [sdb] Incomplete mode parameter data
[   10.655224] sd 2:0:1:0: [sdb] Assuming drive cache: write through
[   10.670001] sd 2:0:1:0: [sdb] Attached SCSI disk
[   10.678226] sd 2:0:0:0: [sda] Write Protect is off
[   10.679152] sd 2:0:0:0: [sda] Incomplete mode parameter data
[   10.701837] sd 2:0:0:0: [sda] Assuming drive cache: write through
[   10.717456]  sda: sda1
[   10.720484] sd 2:0:0:0: [sda] Attached SCSI disk
[   12.115587] floppy0: no floppy controllers found
Begin: Loading e[   13.556609] md: linear personality registered for level -1
ssential drivers ... [   13.606602] md: multipath personality registered for level -4
[   13.609448] md: raid0 personality registered for level 0
[   13.630391] md: raid1 personality registered for level 1
[   13.715615] raid6: sse2x1   gen()  9761 MB/s
[   13.791267] raid6: sse2x1   xor()  7840 MB/s
[   13.979639] raid6: sse2x2   gen() 12260 MB/s
[   14.055244] raid6: sse2x2   xor()  8587 MB/s
[   14.255691] raid6: sse2x4   gen() 14783 MB/s
[   14.455243] raid6: sse2x4   xor() 10679 MB/s
[   14.554046] raid6: using algorithm sse2x4 gen() 14783 MB/s
[   14.710626] raid6: .... xor() 10679 MB/s, rmw enabled
[   14.780813] raid6: using ssse3x2 recovery algorithm
[   14.782922] xor: automatically using best checksumming function:
[   14.983240]    avx       : 20070.000 MB/sec
[   14.992129] async_tx: api initialized (async)
[   15.132629] md: raid6 personality registered for level 6
[   15.142108] md: raid5 personality registered for level 5
[   15.151863] md: raid4 personality registered for level 4
[   15.166957] md: raid10 personality registered for level 10
done.
Begin: Running /scripts/init-premount ... done.
Begin: Mounting root file syste[   15.188092] Btrfs loaded
m ... Begin: Running /scripts/local-top ... done.
Begin: Running /scripts/local-premount ... Scanning for Btrfs filesystems
done.
Warning: fsck no[   15.300772] EXT4-fs (sda1): INFO: recovery required on readonly filesystem
t present, so sk[   15.529380] EXT4-fs (sda1): write access will be enabled during recovery
ipping root file system
[   15.947261] EXT4-fs (sda1): recovery complete
[   15.998619] EXT4-fs (sda1): mounted filesystem with ordered data mode. Opts: (null)
done.
Begin: Running /scripts/local-bottom ... done.
Begin: Running /scripts/init-bottom ... done.
[   17.036620] random: nonblocking pool is initialized
[   17.277752] systemd[1]: systemd 229 running in system mode. (+PAM +AUDIT +SELINUX +IMA +APPARMOR +SMACK +SYSVINIT +UTMP +LIBCRYPTSETUP +GCRYPT +GNUTLS +ACL +XZ -LZ4 +SECCOMP +BLKID +ELFUTILS +KMOD -IDN)
[   17.436740] systemd[1]: Detected virtualization oracle.
[   17.437555] systemd[1]: Detected architecture x86-64.

Welcome to [1mUbuntu 16.04.3 LTS[0m!

[   17.455953] systemd[1]: Set hostname to <ubuntu-xenial>.
[   18.101870] systemd[1]: Listening on /dev/initctl Compatibility Named Pipe.
[[0;32m  OK  [0m] Listening on /dev/initctl Compatibility Named Pipe.
[   18.133770] systemd[1]: Started Trigger resolvconf update for networkd DNS.
[[0;32m  OK  [0m] Started Trigger resolvconf update for networkd DNS.
[   18.151850] systemd[1]: Created slice User and Session Slice.
[[0;32m  OK  [0m] Created slice User and Session Slice.
[   18.154442] systemd[1]: Listening on Journal Socket.
[[0;32m  OK  [0m] Listening on Journal Socket.
[   18.156907] systemd[1]: Set up automount Arbitrary Executable File Formats File System Automount Point.
[[0;32m  OK  [0m] Set up automount Arbitrary Executab...ats File System Automount Point.
[   18.248091] systemd[1]: Started Forward Password Requests to Wall Directory Watch.
[[0;32m  OK  [0m] Started Forward Password Requests to Wall Directory Watch.
[   18.492076] systemd[1]: Listening on udev Kernel Socket.
[[0;32m  OK  [0m] Listening on udev Kernel Socket.
[   18.599519] systemd[1]: Reached target Swap.
[[0;32m  OK  [0m] Reached target Swap.
[   18.695594] systemd[1]: Listening on udev Control Socket.
[[0;32m  OK  [0m] Listening on udev Control Socket.
[   18.847641] systemd[1]: Listening on Syslog Socket.
[[0;32m  OK  [0m] Listening on Syslog Socket.
[   18.998792] systemd[1]: Listening on Journal Socket (/dev/log).
[[0;32m  OK  [0m] Listening on Journal Socket (/dev/log).
[   19.175577] systemd[1]: Reached target Encrypted Volumes.
[[0;32m  OK  [0m] Reached target Encrypted Volumes.
[   19.212109] systemd[1]: Created slice System Slice.
[[0;32m  OK  [0m] Created slice System Slice.
[   19.251548] systemd[1]: Starting Create list of required static device nodes for the current kernel...
         Starting Create list of required st... nodes for the current kernel...
[   19.367445] systemd[1]: Mounting POSIX Message Queue File System...
         Mounting POSIX Message Queue File System...
[   19.439531] systemd[1]: Starting Load Kernel Modules...
         Starting Load Kernel Mo[   19.505884] Loading iSCSI transport class v2.0-870.
dules...
[   19.691871] iscsi: registered transport (tcp)
[   19.819726] systemd[1]: Starting Uncomplicated firewall...
         Starting Uncomplicated firewall...
[   19.980849] iscsi: registered transport (iser)
[   19.995595] systemd[1]: Starting Set console keymap...
         Starting Set console keymap...
[   20.179615] systemd[1]: Starting Remount Root and Kernel File Systems...
[   20.185594] EXT4-fs (sda1): re-mounted. Opts: (null)
         Starting Remount Root and Kernel File Systems...
[   20.271319] systemd[1]: Starting Nameserver information manager...
         Starting Nameserver information manager...
[   20.283531] systemd[1]: Reached target Slices.
[[0;32m  OK  [0m] Reached target Slices.
[   20.287978] systemd[1]: Created slice system-serial\x2dgetty.slice.
[[0;32m  OK  [0m] Created slice system-serial\x2dgetty.slice.
[   20.297692] systemd[1]: Listening on LVM2 poll daemon socket.
[[0;32m  OK  [0m] Listening on LVM2 poll daemon socket.
[   20.299434] systemd[1]: Reached target User and Group Name Lookups.
[[0;32m  OK  [0m] Reached target User and Group Name Lookups.
[   20.301338] systemd[1]: Listening on Journal Audit Socket.
[[0;32m  OK  [0m] Listening on Journal Audit Socket.
[   20.319607] systemd[1]: Starting Journal Service...
         Starting Journal Service...
[   20.507822] systemd[1]: Listening on LVM2 metadata daemon socket.
[[0;32m  OK  [0m] Listening on LVM2 metadata daemon socket.
[   20.663024] systemd[1]: Listening on Device-mapper event daemon FIFOs.
[[0;32m  OK  [0m] Listening on Device-mapper event daemon FIFOs.
[   20.895745] systemd[1]: Starting Monitoring of LVM2 mirrors, snapshots etc. using dmeventd or progress polling...
         Starting Monitoring of LVM2 mirrors... dmeventd or progress polling...
[   20.963645] systemd[1]: Mounting Huge Pages File System...
         Mounting Huge Pages File System...
[   21.167344] systemd[1]: Mounting Debug File System...
         Mounting Debug File System...
[   21.356202] systemd[1]: Mounted POSIX Message Queue File System.
[[0;32m  OK  [0m] Mounted POSIX Message Queue File System.
[   21.451757] systemd[1]: Mounted Debug File System.
[[0;32m  OK  [0m] Mounted Debug File System.
[   21.663946] systemd[1]: Mounted Huge Pages File System.
[[0;32m  OK  [0m] Mounted Huge Pages File System.
[   21.870043] systemd[1]: Started Journal Service.
[[0;32m  OK  [0m] Started Journal Service.
[[0;32m  OK  [0m] Started Create list of required sta...ce nodes for the current kernel.
[[0;32m  OK  [0m] Started Load Kernel Modules.
[[0;32m  OK  [0m] Started Uncomplicated firewall.
[[0;32m  OK  [0m] Started Set console keymap.
[[0;32m  OK  [0m] Started Remount Root and Kernel File Systems.
[[0;32m  OK  [0m] Started Nameserver information manager.
[[0;32m  OK  [0m] Started LVM2 metadata daemon.
         Starting Load/Save Random Seed...
         Starting udev Coldplug all Devices...
         Starting Initial cloud-init job (pre-networking)...
         Starting Apply Kernel Variables...
         Mounting FUSE Control File System...
         Starting Create Static Device Nodes in /dev...
         Starting Flush Journal to Persistent Storage...
[[0;32m  OK  [0m] Mounted FUSE Control File System.
[[0;32m  OK  [0m] Started Load/Save Random Seed.
[[0;32m  OK  [0m] Started Apply Kernel Variables.
[[0;32m  OK  [0m] Started Monitoring of LVM2 mirrors,...ng dmeventd or progress polling.
[[0;32m  OK  [0m] Started Create Static Device Nodes in /dev.
[[0;32m  OK  [0m] Started udev Coldplug all Devices.
         Starting udev Kernel Device Manager...
[[0;32m  OK  [0m] Started Flush Journal to Persistent Storage.
[[0;32m  OK  [0m] Started udev Kernel Device Manager.
[[0;32m  OK  [0m] Reached target Local File Systems (Pre).
[[0;32m  OK  [0m] Reached target Local File Systems.
         Starting Tell Plymouth To Write Out Runtime Data...
         Starting LSB: AppArmor initialization...
         Starting Set console font and keymap...
         Starting Create Volatile Files and Directories...
[[0;32m  OK  [0m] Started Dispatch Password Requests to Console Directory Watch.
[[0;32m  OK  [0m] Started Tell Plymouth To Write Out Runtime Data.
[[0;32m  OK  [0m] Started Create Volatile Files and Directories.
[[0;32m  OK  [0m] Found device /dev/ttyS0.
         Starting Update UTMP about System Boot/Shutdown...
[[0;32m  OK  [0m] Reached target System Time Synchronized.
[[0;32m  OK  [0m] Found device 82540EM Gigabit Ethern...r (PRO/1000 MT Desktop Adapter).
[[0;32m  OK  [0m] Started Update UTMP about System Boot/Shutdown.
[[0;32m  OK  [0m] Started Set console font and keymap.
[[0;32m  OK  [0m] Created slice system-getty.slice.
[[0;32m  OK  [0m] Listening on Load/Save RF Kill Switch Status /dev/rfkill Watch.
[[0;32m  OK  [0m] Started LSB: AppArmor initialization.
[   22.071957] cloud-init[442]: Cloud-init v. 17.1 running 'init-local' at Fri, 22 Dec 2017 00:22:18 +0000. Up 20.79 seconds.
[[0;32m  OK  [0m] Started Initial cloud-init job (pre-networking).
[[0;32m  OK  [0m] Reached target Network (Pre).
         Starting Raise network interfaces...
[[0;32m  OK  [0m] Started ifup for enp0s3.
[[0;32m  OK  [0m] Started Raise network interfaces.
[[0;32m  OK  [0m] Reached target Network.
         Starting Initial cloud-init job (metadata service crawler)...
[   23.545339] cloud-init[966]: Cloud-init v. 17.1 running 'init' at Fri, 22 Dec 2017 00:22:20 +0000. Up 22.93 seconds.
[   23.677006] cloud-init[966]: ci-info: +++++++++++++++++++++++++++++++++++++Net device info++++++++++++++++++++++++++++++++++++++
[   23.677582] cloud-init[966]: ci-info: +--------+------+----------------------------+---------------+-------+-------------------+
[[0;32m  OK  [0m] Started Initial cloud-init job (metadata service crawler).
[   23.677824] cloud-init[966]: ci-info: | Device |  Up  |          Address           |      Mask     | Scope |     Hw-Address    |
[   24.092913] cloud-init[966]: ci-info: +--------+------+----------------------------+---------------+-------+-------------------+
[   24.093511] cloud-init[966]: ci-info: | enp0s3 | True |         10.0.2.15          | 255.255.255.0 |   .   | 02:63:8e:2c:ef:cd |
[[0;32m  OK  [0m] Reached target Network is Online.
[   24.093764] cloud-init[966]: ci-info: | enp0s3 | True | fe80::63:8eff:fe2c:efcd/64 |       .       |  link | 02:63:8e:2c:ef:cd |
[   24.492443] cloud-init[966]: ci-info: |   lo   | True |         127.0.0.1          |   255.0.0.0   |   .   |         .         |
[   24.493060] cloud-init[966]: ci-info: |   lo   | True |          ::1/128           |       .       |  host |         .         |
         Starting iSCSI initiator daemon (iscsid)...
[[   24.493320] cloud-init[966]: ci-info: +--------+------+----------------------------+---------------+-------+-------------------+
[   24.595320] cloud-init[966]: ci-info: +++++++++++++++++++++++++++Route IPv4 info++++++++++++++++++++++++++++
[   24.595442] cloud-init[966]: ci-info: +-------+-------------+----------+---------------+-----------+-------+
[   24.595603] cloud-init[966]: ci-info: | Route | Destination | Gateway  |    Genmask    | Interface | Flags |
[   24.595758] cloud-init[966]: ci-info: +-------+-------------+----------+---------------+-----------+-------+
[   24.595920] cloud-init[966]: ci-info: |   0   |   0.0.0.0   | 10.0.2.2 |    0.0.0.0    |   enp0s3  |   UG  |
[0;32m  OK  [0m] Reached target Cloud-config availability.
[   24.596113] cloud-init[966]: ci-info: |   1   |   10.0.2.0  | 0.0.0.0  | 255.255.255.0 |   enp0s3  |   U   |
[   24.619635] cloud-init[966]: ci-info: +-------+-------------+----------+---------------+-----------+-------+
[[0;32m  OK  [0m] Reached target System Initialization.
[[0;32m  OK  [0m] Listening on D-Bus System Message Bus Socket.
         Starting LXD - unix socket.
         Starting Socket activation for snappy daemon.
[[0;32m  OK  [0m] Started Daily apt download activities.
[[0;32m  OK  [0m] Started Daily apt upgrade and clean activities.
[[0;32m  OK  [0m] Started ACPI Events Check.
[[0;32m  OK  [0m] Reached target Paths.
[[0;32m  OK  [0m] Listening on UUID daemon activation socket.
[[0;32m  OK  [0m] Started Daily Cleanup of Temporary Directories.
[[0;32m  OK  [0m] Listening on ACPID Listen Socket.
[[0;32m  OK  [0m] Started Timer to automatically refresh installed snaps.
[[0;32m  OK  [0m] Reached target Timers.
[[0;32m  OK  [0m] Listening on LXD - unix socket.
[[0;32m  OK  [0m] Listening on Socket activation for snappy daemon.
[[0;32m  OK  [0m] Started iSCSI initiator daemon (iscsid).
         Starting Login to default iSCSI targets...
[[0;32m  OK  [0m] Reached target Sockets.
[[0;32m  OK  [0m] Reached target Basic System.
         Starting System Logging Service...
[[0;32m  OK  [0m] Started Unattended Upgrades Shutdown.
         Starting Login Service...
         Starting LSB: MD monitoring daemon...
[[0;32m  OK  [0m] Started FUSE filesystem for LXC.
         Starting Accounts Service...
[[0;32m  OK  [0m] Started ACPI event daemon.
         Starting Apply the settings specified in cloud-config...
[[0;32m  OK  [0m] Started D-Bus System Message Bus.
[[0;32m  OK  [0m] Started Deferred execution scheduler.
[   26.104805] cloud-init[1040]: Cloud-init v. 17.1 running 'modules:config' at Fri, 22 Dec 2017 00:22:23 +0000. Up 25.90 seconds.
         Starting Snappy daemon...
         Starting /etc/rc.local Compatibility...
         Starting LSB: Record successful boot for GRUB...
         Starting OpenBSD Secure Shell server...
[[0;32m  OK  [0m] Started Regular background program processing daemon.
         Starting LXD - container startup/shutdown...
[[0;32m  OK  [0m] Started System Logging Service.
[[0;32m  OK  [0m] Started Apply the settings specified in cloud-config.
[[0;32m  OK  [0m] Started /etc/rc.local Compatibility.
[[0;32m  OK  [0m] Started Login Service.
         Starting Authenticate and Authorize Users to Run Privileged Tasks...
[[0;32m  OK  [0m] Started LSB: MD monitoring daemon.
[[0;32m  OK  [0m] Started LSB: Record successful boot for GRUB.
[[0;32m  OK  [0m] Started Login to default iSCSI targets.
[[0;32m  OK  [0m] Reached target Remote File Systems (Pre).
[[0;32m  OK  [0m] Reached target Remote File Systems.
         Starting LSB: Set the CPU Frequency Scaling governor to "ondemand"...
         Starting LSB: daemon to balance interrupts for SMP systems...
         Starting LSB: automatic crash report generation...
         Starting LSB: VirtualBox Linux Additions...
         Starting Permit User Sessions...
[[0;32m  OK  [0m] Started OpenBSD Secure Shell server.
[[0;32m  OK  [0m] Started Authenticate and Authorize Users to Run Privileged Tasks.
[[0;32m  OK  [0m] Started Permit User Sessions.
[[0;32m  OK  [0m] Started Accounts Service.
[[0;32m  OK  [0m] Started LSB: Set the CPU Frequency Scaling governor to "ondemand".
[[0;32m  OK  [0m] Started LSB: daemon to balance interrupts for SMP systems.
         Starting Terminate Plymouth Boot Screen...
         Starting Hold until boot process finishes up...
[[0;32m  OK  [0m] Started Terminate Plymouth Boot Screen.
[[0;32m  OK  [0m] Started LSB: automatic crash report generation.
[[0;32m  OK  [0m] Started Hold until boot process finishes up.
[[0;32m  OK  [0m] Started Serial Getty on ttyS0.
         Starting Set console scheme...
[[0;32m  OK  [0m] Started Getty on tty1.
[[0;32m  OK  [0m] Reached target Login Prompts.
[[0;32m  OK  [0m] Started Snappy daemon.
[[0;32m  OK  [0m] Started Set console scheme.
[[0;32m  OK  [0m] Started LSB: VirtualBox Linux Additions.
[[0;32m  OK  [0m] Started LXD - container startup/shutdown.
[[0;32m  OK  [0m] Reached target Multi-User System.
         Starting Execute cloud user/final scripts...
[[0;32m  OK  [0m] Reached target Graphical Interface.
         Starting Update UTMP about System Runlevel Changes...
[[0;32m  OK  [0m] Started Update UTMP about System Runlevel Changes.
[   28.376408] cloud-init[1187]: Cloud-init v. 17.1 running 'modules:final' at Fri, 22 Dec 2017 00:22:25 +0000. Up 28.21 seconds.
[   28.512734] cloud-init[1187]: Cloud-init v. 17.1 finished at Fri, 22 Dec 2017 00:22:26 +0000. Datasource DataSourceNoCloud [seed=/dev/sdb][dsmode=net].  Up 28.37 seconds
[[0;32m  OK  [0m] Started Execute cloud user/final scripts.
[[0;32m  OK  [0m] Reached target Cloud-init target.
         Starting Daily apt download activities...

Ubuntu 16.04.3 LTS ubuntu-xenial ttyS0

ubuntu-xenial login: 